20:53:23 **** Incremental Build of configuration Debug for project 24h_project_MCU ****
make -j8 all 
arm-none-eabi-gcc "../Core/Src/button.c" -mcpu=cortex-m3 -std=gnu11 -g3 -DDEBUG -DUSE_HAL_DRIVER -DSTM32F103x6 -c -I../Core/Inc -I../Drivers/STM32F1xx_HAL_Driver/Inc/Legacy -I../Drivers/STM32F1xx_HAL_Driver/Inc -I../Drivers/CMSIS/Device/ST/STM32F1xx/Include -I../Drivers/CMSIS/Include -O0 -ffunction-sections -fdata-sections -Wall -fstack-usage -MMD -MP -MF"Core/Src/button.d" -MT"Core/Src/button.o" --specs=nano.specs -mfloat-abi=soft -mthumb -o "Core/Src/button.o"
arm-none-eabi-gcc "../Core/Src/fsm_button.c" -mcpu=cortex-m3 -std=gnu11 -g3 -DDEBUG -DUSE_HAL_DRIVER -DSTM32F103x6 -c -I../Core/Inc -I../Drivers/STM32F1xx_HAL_Driver/Inc/Legacy -I../Drivers/STM32F1xx_HAL_Driver/Inc -I../Drivers/CMSIS/Device/ST/STM32F1xx/Include -I../Drivers/CMSIS/Include -O0 -ffunction-sections -fdata-sections -Wall -fstack-usage -MMD -MP -MF"Core/Src/fsm_button.d" -MT"Core/Src/fsm_button.o" --specs=nano.specs -mfloat-abi=soft -mthumb -o "Core/Src/fsm_button.o"
arm-none-eabi-gcc "../Core/Src/main.c" -mcpu=cortex-m3 -std=gnu11 -g3 -DDEBUG -DUSE_HAL_DRIVER -DSTM32F103x6 -c -I../Core/Inc -I../Drivers/STM32F1xx_HAL_Driver/Inc/Legacy -I../Drivers/STM32F1xx_HAL_Driver/Inc -I../Drivers/CMSIS/Device/ST/STM32F1xx/Include -I../Drivers/CMSIS/Include -O0 -ffunction-sections -fdata-sections -Wall -fstack-usage -MMD -MP -MF"Core/Src/main.d" -MT"Core/Src/main.o" --specs=nano.specs -mfloat-abi=soft -mthumb -o "Core/Src/main.o"
arm-none-eabi-gcc -o "24h_project_MCU.elf" @"objects.list"   -mcpu=cortex-m3 -T"C:\Users\legolas\Documents\MCU\24h_project_MCU\24h_project_MCU\STM32F103C6TX_FLASH.ld" --specs=nosys.specs -Wl,-Map="24h_project_MCU.map" -Wl,--gc-sections -static --specs=nano.specs -mfloat-abi=soft -mthumb -Wl,--start-group -lc -lm -Wl,--end-group
Finished building target: 24h_project_MCU.elf
 
arm-none-eabi-size   24h_project_MCU.elf 
arm-none-eabi-objdump -h -S  24h_project_MCU.elf  > "24h_project_MCU.list"
arm-none-eabi-objcopy  -O ihex  24h_project_MCU.elf  "24h_project_MCU.hex"
   text	   data	    bss	    dec	    hex	filename
  14752	    176	   1680	  16608	   40e0	24h_project_MCU.elf
Finished building: default.size.stdout
 
Finished building: 24h_project_MCU.list
Finished building: 24h_project_MCU.hex
 
 

20:53:26 Build Finished. 0 errors, 0 warnings. (took 2s.562ms)

